[36mvite v7.1.3 [32mbuilding for production...[36m[39m
transforming...
node.exe : Browserslist: browsers data (caniuse-lite) is 7 months old. Please 
run:
At line:1 char:1
+ & "C:\Program Files\nodejs/node.exe" "C:\Program Files\nodejs/node_mo ...
+ ~~~~~~~~~~~~~~~~~~~~~~~~~~~~~~~~~~~~~~~~~~~~~~~~~~~~~~~~~~~~~~~~~~~~~
    + CategoryInfo          : NotSpecified: (Browserslist: b...ld. Please run: 
   :String) [], RemoteException
    + FullyQualifiedErrorId : NativeCommandError
 
  npx update-browserslist-db@latest
  Why you should do it regularly: 
https://github.com/browserslist/update-db#readme

[1m[33mwarn[39m[22m - The `@responsive` directive has been deprecated in 
Tailwind CSS v3.0.
[1m[33mwarn[39m[22m - Use `@layer utilities` or `@layer components` 
instead.
[1m[33mwarn[39m[22m - 
https://tailwindcss.com/docs/upgrade-guide#replace-variants-with-layer
[32mΓ£ô[39m 3707 modules transformed.
rendering chunks...
computing gzip size...
[2mdist/[22m[32mindex.html                                        [39m[1m[2m  0.49 kB[22m[1m[22m[2m Γöé gzip:   0.31 kB[22m
[2mdist/[22m[35massets/QAPage-BnqtoEOC.css                        [39m[1m[2m  3.64 kB[22m[1m[22m[2m Γöé gzip:   1.08 kB[22m
[2mdist/[22m[35massets/AI-xdoEq19F.css                            [39m[1m[2m  4.90 kB[22m[1m[22m[2m Γöé gzip:   1.36 kB[22m
[2mdist/[22m[35massets/index-CAgqW6gc.css                         [39m[1m[2m 95.18 kB[22m[1m[22m[2m Γöé gzip:  15.19 kB[22m
[2mdist/[22m[36massets/useAuth-BhZXS4ij.js                        [39m[1m[2m  0.28 kB[22m[1m[22m[2m Γöé gzip:   0.23 kB[22m
[2mdist/[22m[36massets/check-B4vkBiG9.js                          [39m[1m[2m  0.30 kB[22m[1m[22m[2m Γöé gzip:   0.25 kB[22m
[2mdist/[22m[36massets/chevron-right-ZJ5mPw3t.js                  [39m[1m[2m  0.30 kB[22m[1m[22m[2m Γöé gzip:   0.25 kB[22m
[2mdist/[22m[36massets/plus-tDCVDnIE.js                           [39m[1m[2m  0.32 kB[22m[1m[22m[2m Γöé gzip:   0.25 kB[22m
[2mdist/[22m[36massets/arrow-left-BW7N745Y.js                     [39m[1m[2m  0.33 kB[22m[1m[22m[2m Γöé gzip:   0.27 kB[22m
[2mdist/[22m[36massets/bookmark-Djrm_VNW.js                       [39m[1m[2m  0.34 kB[22m[1m[22m[2m Γöé gzip:   0.27 kB[22m
[2mdist/[22m[36massets/arrow-right-PHYUzEhb.js                    [39m[1m[2m  0.34 kB[22m[1m[22m[2m Γöé gzip:   0.26 kB[22m
[2mdist/[22m[36massets/clock-RSVnTsPE.js                          [39m[1m[2m  0.34 kB[22m[1m[22m[2m Γöé gzip:   0.27 kB[22m
[2mdist/[22m[36massets/trending-up-BCegqlHu.js                    [39m[1m[2m  0.34 kB[22m[1m[22m[2m Γöé gzip:   0.27 kB[22m
[2mdist/[22m[36massets/search-DqPPk03w.js                         [39m[1m[2m  0.35 kB[22m[1m[22m[2m Γöé gzip:   0.28 kB[22m
[2mdist/[22m[36massets/play-D2c58uLo.js                           [39m[1m[2m  0.36 kB[22m[1m[22m[2m Γöé gzip:   0.28 kB[22m
[2mdist/[22m[36massets/circle-check-big-BtLIUJS1.js               [39m[1m[2m  0.37 kB[22m[1m[22m[2m Γöé gzip:   0.29 kB[22m
[2mdist/[22m[36massets/rotate-ccw-DdqJCMxp.js                     [39m[1m[2m  0.37 kB[22m[1m[22m[2m Γöé gzip:   0.29 kB[22m
[2mdist/[22m[36massets/lock-CKDp1JYD.js                           [39m[1m[2m  0.37 kB[22m[1m[22m[2m Γöé gzip:   0.30 kB[22m
[2mdist/[22m[36massets/ellipsis-bQtpY2sz.js                       [39m[1m[2m  0.40 kB[22m[1m[22m[2m Γöé gzip:   0.27 kB[22m
[2mdist/[22m[36massets/target-6Y7gQB24.js                         [39m[1m[2m  0.40 kB[22m[1m[22m[2m Γöé gzip:   0.27 kB[22m
[2mdist/[22m[36massets/download-CtJKfblx.js                       [39m[1m[2m  0.41 kB[22m[1m[22m[2m Γöé gzip:   0.30 kB[22m
[2mdist/[22m[36massets/message-circle-C2RADox3.js                 [39m[1m[2m  0.41 kB[22m[1m[22m[2m Γöé gzip:   0.31 kB[22m
[2mdist/[22m[36massets/globe-DqM8R9hh.js                          [39m[1m[2m  0.41 kB[22m[1m[22m[2m Γöé gzip:   0.29 kB[22m
[2mdist/[22m[36massets/database-BLKD4LNm.js                       [39m[1m[2m  0.41 kB[22m[1m[22m[2m Γöé gzip:   0.30 kB[22m
[2mdist/[22m[36massets/circle-alert-06z-Bord.js                   [39m[1m[2m  0.42 kB[22m[1m[22m[2m Γöé gzip:   0.29 kB[22m
[2mdist/[22m[36massets/mouse-pointer-2-D2_RFEB6.js                [39m[1m[2m  0.42 kB[22m[1m[22m[2m Γöé gzip:   0.32 kB[22m
[2mdist/[22m[36massets/chart-column-B2ymvCpq.js                   [39m[1m[2m  0.42 kB[22m[1m[22m[2m Γöé gzip:   0.30 kB[22m
[2mdist/[22m[36massets/funnel-BbjnWjQe.js                         [39m[1m[2m  0.42 kB[22m[1m[22m[2m Γöé gzip:   0.31 kB[22m
[2mdist/[22m[36massets/link-DgL681_D.js                           [39m[1m[2m  0.43 kB[22m[1m[22m[2m Γöé gzip:   0.30 kB[22m
[2mdist/[22m[36massets/heart-CdHQFyPU.js                          [39m[1m[2m  0.43 kB[22m[1m[22m[2m Γöé gzip:   0.32 kB[22m
[2mdist/[22m[36massets/zap-DVxBkuTR.js                            [39m[1m[2m  0.44 kB[22m[1m[22m[2m Γöé gzip:   0.31 kB[22m
[2mdist/[22m[36massets/pen-line-EHS_EAj2.js                       [39m[1m[2m  0.45 kB[22m[1m[22m[2m Γöé gzip:   0.33 kB[22m
[2mdist/[22m[36massets/send-g6NxYwVe.js                           [39m[1m[2m  0.46 kB[22m[1m[22m[2m Γöé gzip:   0.34 kB[22m
[2mdist/[22m[36massets/grid-3x3-BGYCWNPV.js                       [39m[1m[2m  0.47 kB[22m[1m[22m[2m Γöé gzip:   0.32 kB[22m
[2mdist/[22m[36massets/users-DVcGFhYc.js                          [39m[1m[2m  0.47 kB[22m[1m[22m[2m Γöé gzip:   0.33 kB[22m
[2mdist/[22m[36massets/refresh-cw-Awft5FHi.js                     [39m[1m[2m  0.49 kB[22m[1m[22m[2m Γöé gzip:   0.33 kB[22m
[2mdist/[22m[36massets/tag-B1Y8Uv1a.js                            [39m[1m[2m  0.50 kB[22m[1m[22m[2m Γöé gzip:   0.35 kB[22m
[2mdist/[22m[36massets/save-Di3D_WzL.js                           [39m[1m[2m  0.50 kB[22m[1m[22m[2m Γöé gzip:   0.33 kB[22m
[2mdist/[22m[36massets/file-text-gxfudCud.js                      [39m[1m[2m  0.50 kB[22m[1m[22m[2m Γöé gzip:   0.32 kB[22m
[2mdist/[22m[36massets/trash-2-BviiHPeQ.js                        [39m[1m[2m  0.50 kB[22m[1m[22m[2m Γöé gzip:   0.32 kB[22m
[2mdist/[22m[36massets/share-2-gSuSdoJb.js                        [39m[1m[2m  0.53 kB[22m[1m[22m[2m Γöé gzip:   0.34 kB[22m
[2mdist/[22m[36massets/star-1OWqScBC.js                           [39m[1m[2m  0.65 kB[22m[1m[22m[2m Γöé gzip:   0.40 kB[22m
[2mdist/[22m[36massets/trophy-lcUayo_f.js                         [39m[1m[2m  0.65 kB[22m[1m[22m[2m Γöé gzip:   0.38 kB[22m
[2mdist/[22m[36massets/history-Dv9Eb0hk.js                        [39m[1m[2m  0.77 kB[22m[1m[22m[2m Γöé gzip:   0.40 kB[22m
[2mdist/[22m[36massets/SelectionSort-BFYag7Om.js                  [39m[1m[2m  0.82 kB[22m[1m[22m[2m Γöé gzip:   0.50 kB[22m
[2mdist/[22m[36massets/useProfile-jxn7YTJP.js                     [39m[1m[2m  1.05 kB[22m[1m[22m[2m Γöé gzip:   0.58 kB[22m
[2mdist/[22m[36massets/map-pin-C3ZuXf7a.js                        [39m[1m[2m  1.15 kB[22m[1m[22m[2m Γöé gzip:   0.49 kB[22m
[2mdist/[22m[36massets/TimeComplexitySection-BOvJ7yfC.js          [39m[1m[2m  1.32 kB[22m[1m[22m[2m Γöé gzip:   0.51 kB[22m
[2mdist/[22m[36massets/shuffle-j3oYW5jB.js                        [39m[1m[2m  1.35 kB[22m[1m[22m[2m Γöé gzip:   0.55 kB[22m
[2mdist/[22m[36massets/triangle-alert-Ckleiyuv.js                 [39m[1m[2m  1.67 kB[22m[1m[22m[2m Γöé gzip:   0.97 kB[22m
[2mdist/[22m[36massets/Unauthorized-CyVcA_gR.js                   [39m[1m[2m  2.02 kB[22m[1m[22m[2m Γöé gzip:   0.96 kB[22m
[2mdist/[22m[36massets/ideasService-BygNvGNB.js                   [39m[1m[2m  2.08 kB[22m[1m[22m[2m Γöé gzip:   0.84 kB[22m
[2mdist/[22m[36massets/NotFound-CT7TPY6v.js                       [39m[1m[2m  2.10 kB[22m[1m[22m[2m Γöé gzip:   0.83 kB[22m
[2mdist/[22m[36massets/DynamicAlgorithmVisualization-Bfy_SGfa.js  [39m[1m[2m  2.28 kB[22m[1m[22m[2m Γöé gzip:   1.08 kB[22m
[2mdist/[22m[36massets/StyledDropdown-Buwt_8Bf.js                 [39m[1m[2m  2.33 kB[22m[1m[22m[2m Γöé gzip:   1.11 kB[22m
[2mdist/[22m[36massets/iconBase-DT4nHWNV.js                       [39m[1m[2m  2.49 kB[22m[1m[22m[2m Γöé gzip:   1.07 kB[22m
[2mdist/[22m[36massets/selectionSort-Dmm7VmyG.js                  [39m[1m[2m  2.61 kB[22m[1m[22m[2m Γöé gzip:   1.04 kB[22m
[2mdist/[22m[36massets/index-CBAGEelU.js                          [39m[1m[2m  3.23 kB[22m[1m[22m[2m Γöé gzip:   1.38 kB[22m
[2mdist/[22m[36massets/index-BPqtqXlz.js                          [39m[1m[2m  3.33 kB[22m[1m[22m[2m Γöé gzip:   1.42 kB[22m
[2mdist/[22m[36massets/New-tgQu3EFW.js                            [39m[1m[2m  3.81 kB[22m[1m[22m[2m Γöé gzip:   1.51 kB[22m
[2mdist/[22m[36massets/New-Mej81HCU.js                            [39m[1m[2m  4.09 kB[22m[1m[22m[2m Γöé gzip:   1.40 kB[22m
[2mdist/[22m[36massets/Development-D6wC5Dt0.js                    [39m[1m[2m  4.48 kB[22m[1m[22m[2m Γöé gzip:   1.46 kB[22m
[2mdist/[22m[36massets/Sheet-C50Irp5z.js                          [39m[1m[2m  5.25 kB[22m[1m[22m[2m Γöé gzip:   1.73 kB[22m
[2mdist/[22m[36massets/Payment-Bzs4_vFP.js                        [39m[1m[2m  5.50 kB[22m[1m[22m[2m Γöé gzip:   2.06 kB[22m
[2mdist/[22m[36massets/Problem-BrinbfHM.js                        [39m[1m[2m  5.54 kB[22m[1m[22m[2m Γöé gzip:   1.80 kB[22m
[2mdist/[22m[36massets/Dashboard-VoGq4Yd8.js                      [39m[1m[2m  5.77 kB[22m[1m[22m[2m Γöé gzip:   1.68 kB[22m
[2mdist/[22m[36massets/References-B93Ep2pC.js                     [39m[1m[2m  5.87 kB[22m[1m[22m[2m Γöé gzip:   2.06 kB[22m
[2mdist/[22m[36massets/index-Bj7P-r8C.js                          [39m[1m[2m  6.01 kB[22m[1m[22m[2m Γöé gzip:   1.79 kB[22m
[2mdist/[22m[36massets/Discussion-CDhEwreZ.js                     [39m[1m[2m  6.09 kB[22m[1m[22m[2m Γöé gzip:   2.06 kB[22m
[2mdist/[22m[36massets/New-BMT_u0ei.js                            [39m[1m[2m  6.12 kB[22m[1m[22m[2m Γöé gzip:   1.96 kB[22m
[2mdist/[22m[36massets/Category-l1oXOvLr.js                       [39m[1m[2m  6.36 kB[22m[1m[22m[2m Γöé gzip:   2.12 kB[22m
[2mdist/[22m[36massets/Detail-CBvc-UF9.js                         [39m[1m[2m  7.70 kB[22m[1m[22m[2m Γöé gzip:   2.43 kB[22m
[2mdist/[22m[36massets/algorithmConstants-9C0UC8qP.js             [39m[1m[2m  8.60 kB[22m[1m[22m[2m Γöé gzip:   2.69 kB[22m
[2mdist/[22m[36massets/Ideas-DZYsEfsO.js                          [39m[1m[2m  9.72 kB[22m[1m[22m[2m Γöé gzip:   3.38 kB[22m
[2mdist/[22m[36massets/index-BqYdpnsE.js                          [39m[1m[2m 10.14 kB[22m[1m[22m[2m Γöé gzip:   3.28 kB[22m
[2mdist/[22m[36massets/DSA-BRxhKUkY.js                            [39m[1m[2m 10.21 kB[22m[1m[22m[2m Γöé gzip:   2.88 kB[22m
[2mdist/[22m[36massets/ClimbingStairs-BxvLfKp6.js                 [39m[1m[2m 10.45 kB[22m[1m[22m[2m Γöé gzip:   3.45 kB[22m
[2mdist/[22m[36massets/index-xACt9l53.js                          [39m[1m[2m 10.99 kB[22m[1m[22m[2m Γöé gzip:   2.46 kB[22m
[2mdist/[22m[36massets/GraphColoring-DBzI-3MM.js                  [39m[1m[2m 12.25 kB[22m[1m[22m[2m Γöé gzip:   4.25 kB[22m
[2mdist/[22m[36massets/PageRank-pR1IzAqn.js                       [39m[1m[2m 12.44 kB[22m[1m[22m[2m Γöé gzip:   4.43 kB[22m
[2mdist/[22m[36massets/SortingVisualization-BbvINzog.js           [39m[1m[2m 12.72 kB[22m[1m[22m[2m Γöé gzip:   3.94 kB[22m
[2mdist/[22m[36massets/Settings-DgFQeWLW.js                       [39m[1m[2m 12.81 kB[22m[1m[22m[2m Γöé gzip:   3.52 kB[22m
[2mdist/[22m[36massets/Profile-_DENpoAO.js                        [39m[1m[2m 13.04 kB[22m[1m[22m[2m Γöé gzip:   3.76 kB[22m
[2mdist/[22m[36massets/About-B_dnG0fj.js                          [39m[1m[2m 13.74 kB[22m[1m[22m[2m Γöé gzip:   3.68 kB[22m
[2mdist/[22m[36massets/TutorialsList-D5BHZr-E.js                  [39m[1m[2m 15.79 kB[22m[1m[22m[2m Γöé gzip:   4.07 kB[22m
[2mdist/[22m[36massets/CodeExamplesList-CUTbr7Qr.js               [39m[1m[2m 16.13 kB[22m[1m[22m[2m Γöé gzip:   4.51 kB[22m
[2mdist/[22m[36massets/index-EmVkKevY.js                          [39m[1m[2m 16.68 kB[22m[1m[22m[2m Γöé gzip:   5.84 kB[22m
[2mdist/[22m[36massets/CommunityPage-8_fGbMsk.js                  [39m[1m[2m 16.94 kB[22m[1m[22m[2m Γöé gzip:   5.31 kB[22m
[2mdist/[22m[36massets/User-CR5jhiUZ.js                           [39m[1m[2m 16.98 kB[22m[1m[22m[2m Γöé gzip:   3.91 kB[22m
[2mdist/[22m[36massets/DocumentationPage-CyqHY3mK.js              [39m[1m[2m 25.45 kB[22m[1m[22m[2m Γöé gzip:   7.10 kB[22m
[2mdist/[22m[36massets/Home-DwrzlpdR.js                           [39m[1m[2m 26.31 kB[22m[1m[22m[2m Γöé gzip:   6.94 kB[22m
[2mdist/[22m[36massets/VideosPage-DM88Gven.js                     [39m[1m[2m 29.74 kB[22m[1m[22m[2m Γöé gzip:   8.19 kB[22m
[2mdist/[22m[36massets/Auth-1aDD_Dho.js                           [39m[1m[2m 31.25 kB[22m[1m[22m[2m Γöé gzip:   7.46 kB[22m
[2mdist/[22m[36massets/sampleData-bW34wXNq.js                     [39m[1m[2m 34.34 kB[22m[1m[22m[2m Γöé gzip:  10.82 kB[22m
[2mdist/[22m[36massets/Practice-Bbw8TuRK.js                       [39m[1m[2m 45.38 kB[22m[1m[22m[2m Γöé gzip:  14.32 kB[22m
[2mdist/[22m[36massets/climbingStairsInfo-Bbfx8QiH.js             [39m[1m[2m 55.22 kB[22m[1m[22m[2m Γöé gzip:  14.98 kB[22m
[2mdist/[22m[36massets/AI-DYeElKTe.js                             [39m[1m[2m 55.64 kB[22m[1m[22m[2m Γöé gzip:  18.81 kB[22m
[2mdist/[22m[36massets/QAPage-CuiYmA-K.js                         [39m[1m[2m 71.61 kB[22m[1m[22m[2m Γöé gzip:  22.78 kB[22m
[2mdist/[22m[36massets/ForgotPassword-Cm1GNV0v.js                 [39m[1m[2m134.32 kB[22m[1m[22m[2m Γöé gzip:  44.73 kB[22m
[2mdist/[22m[36massets/AlgorithmVisualization-DF3ezkDW.js         [39m[1m[2m137.28 kB[22m[1m[22m[2m Γöé gzip:  27.96 kB[22m
[2mdist/[22m[36massets/prism-Ctjzk_I0.js                          [39m[1m[33m778.60 kB[39m[22m[2m Γöé gzip: 269.86 kB[22m
[2mdist/[22m[36massets/index-CkxSbPKA.js                          [39m[1m[33m957.29 kB[39m[22m[2m Γöé gzip: 268.41 kB[22m
[33m
(!) Some chunks are larger than 500 kB after minification. Consider:
- Using dynamic import() to code-split the application
- Use build.rollupOptions.output.manualChunks to improve chunking: 
https://rollupjs.org/configuration-options/#output-manualchunks
- Adjust chunk size limit for this warning via 
build.chunkSizeWarningLimit.[39m
[32mΓ£ô built in 1m 24s[39m
